// Jest Snapshot v1, https://goo.gl/fbAQLP

exports[`it detects errors 1`] = `"42:43 - Cannot assign object literal to \`unknownProperty\` because property \`unknownProperty\` is missing in \`Properties\` [1] but exists in object literal [2]. [prop-missing]"`;

exports[`it detects errors 2`] = `"48:10 - Cannot assign object literal to \`cssWithDisallowedValue\` because in property \`order\`: [incompatible-type] Either string [1] is incompatible with literal union [2]. Or string [1] is incompatible with number [3]."`;

exports[`it detects errors 3`] = `"53:11 - Cannot assign object literal to \`cssWithDisallowedFallbackValues\` because in property \`bottom\`: [incompatible-type] Either array literal [1] is incompatible with string literal \`-moz-initial\` [2]. Or array literal [1] is incompatible with string literal \`inherit\` [3]. Or array literal [1] is incompatible with string literal \`initial\` [4]. Or array literal [1] is incompatible with string literal \`revert\` [5]. Or array literal [1] is incompatible with string literal \`unset\` [6]. Or array literal [1] is incompatible with string [7]. Or array literal [1] is incompatible with number literal \`0\` [8]. Or array literal [1] is incompatible with string literal \`auto\` [9]. Or array literal [1] is incompatible with string [10]."`;

exports[`it detects errors 4`] = `"54:10 - Cannot assign object literal to \`cssWithDisallowedFallbackValues\` because in property \`order\`: [incompatible-type] Either array literal [1] is incompatible with string literal \`-moz-initial\` [2]. Or array literal [1] is incompatible with string literal \`inherit\` [3]. Or array literal [1] is incompatible with string literal \`initial\` [4]. Or array literal [1] is incompatible with string literal \`revert\` [5]. Or array literal [1] is incompatible with string literal \`unset\` [6]. Or array literal [1] is incompatible with number [7]."`;
